// Jest Snapshot v1, https://goo.gl/fbAQLP

exports[`<ErrorFallbackComponent /> renders correctly 1`] = `ShallowWrapper {}`;
